It's time to find a warm spot
and purr
and curl up!
